// Jest Snapshot v1, https://goo.gl/fbAQLP

exports[`renders correctly 1`] = `
<View
  style={
    Object {
      "alignItems": "center",
      "alignSelf": "center",
      "backgroundColor": "#ffffff",
      "borderRadius": 10,
      "flexDirection": "row",
      "height": 48,
      "marginTop": 10,
      "overflow": "hidden",
      "width": 230,
    }
  }
>
  <View
    accessibilityState={
      Object {
        "disabled": false,
      }
    }
    accessible={true}
    collapsable={false}
    focusable={true}
    onClick={[Function]}
    onResponderGrant={[Function]}
    onResponderMove={[Function]}
    onResponderRelease={[Function]}
    onResponderTerminate={[Function]}
    onResponderTerminationRequest={[Function]}
    onStartShouldSetResponder={[Function]}
    style={
      Object {
        "alignItems": "center",
        "alignSelf": "center",
        "backgroundColor": "#ffffff",
        "borderRadius": 10,
        "flexDirection": "row",
        "height": 48,
        "opacity": 1,
        "overflow": "hidden",
        "width": 230,
      }
    }
  >
    <Image
      source={1}
      style={
        Object {
          "height": 46,
          "width": 46,
        }
      }
    />
    <Text
      style={
        Object {
          "color": "#000000",
          "fontSize": 15,
          "fontWeight": "bold",
          "marginLeft": 5,
        }
      }
    >
      Sign In With Google
    </Text>
  </View>
</View>
`;
